
[7m[1m[36m RUN [39m[22m[27m [36mv1.6.1[39m [90mC:/Firerfox Portable/Freeflow brain/backend[39m

 [32mÔťô[39m api/brain/tests/conversationGuards.test.js[2m > [22m­čŤí´ŞĆ ConversationGuards[2m > [22mhasLockedRestaurant[2m > [22mreturns false for empty session
 [32mÔťô[39m api/brain/tests/conversationGuards.test.js[2m > [22m­čŤí´ŞĆ ConversationGuards[2m > [22mhasLockedRestaurant[2m > [22mreturns false for null session
 [32mÔťô[39m api/brain/tests/conversationGuards.test.js[2m > [22m­čŤí´ŞĆ ConversationGuards[2m > [22mhasLockedRestaurant[2m > [22mreturns true when currentRestaurant exists
 [32mÔťô[39m api/brain/tests/conversationGuards.test.js[2m > [22m­čŤí´ŞĆ ConversationGuards[2m > [22mhasLockedRestaurant[2m > [22mreturns true when lockedRestaurantId exists
 [32mÔťô[39m api/brain/tests/conversationGuards.test.js[2m > [22m­čŤí´ŞĆ ConversationGuards[2m > [22mhasLockedRestaurant[2m > [22mreturns true when lastRestaurant exists
 [32mÔťô[39m api/brain/tests/conversationGuards.test.js[2m > [22m­čŤí´ŞĆ ConversationGuards[2m > [22mhasLockedRestaurant[2m > [22mreturns true when entityCache has restaurants
 [32mÔťô[39m api/brain/tests/conversationGuards.test.js[2m > [22m­čŤí´ŞĆ ConversationGuards[2m > [22misOrderingContext[2m > [22mreturns false for empty session
 [32mÔťô[39m api/brain/tests/conversationGuards.test.js[2m > [22m­čŤí´ŞĆ ConversationGuards[2m > [22misOrderingContext[2m > [22mreturns true when currentRestaurant exists
 [32mÔťô[39m api/brain/tests/conversationGuards.test.js[2m > [22m­čŤí´ŞĆ ConversationGuards[2m > [22misOrderingContext[2m > [22mreturns true when lastIntent is select_restaurant
 [32mÔťô[39m api/brain/tests/conversationGuards.test.js[2m > [22m­čŤí´ŞĆ ConversationGuards[2m > [22misOrderingContext[2m > [22mreturns true when lastIntent is menu_request
 [32mÔťô[39m api/brain/tests/conversationGuards.test.js[2m > [22m­čŤí´ŞĆ ConversationGuards[2m > [22misOrderingContext[2m > [22mreturns true when conversationPhase is ordering
 [32mÔťô[39m api/brain/tests/conversationGuards.test.js[2m > [22m­čŤí´ŞĆ ConversationGuards[2m > [22mcontainsDishLikePhrase[2m > [22mreturns false for empty text
 [32mÔťô[39m api/brain/tests/conversationGuards.test.js[2m > [22m­čŤí´ŞĆ ConversationGuards[2m > [22mcontainsDishLikePhrase[2m > [22mdetects pizza
 [32mÔťô[39m api/brain/tests/conversationGuards.test.js[2m > [22m­čŤí´ŞĆ ConversationGuards[2m > [22mcontainsDishLikePhrase[2m > [22mdetects kebab
 [32mÔťô[39m api/brain/tests/conversationGuards.test.js[2m > [22m­čŤí´ŞĆ ConversationGuards[2m > [22mcontainsDishLikePhrase[2m > [22mdetects burger
 [32mÔťô[39m api/brain/tests/conversationGuards.test.js[2m > [22m­čŤí´ŞĆ ConversationGuards[2m > [22mcontainsDishLikePhrase[2m > [22mdetects nale┼Ťniki
 [32mÔťô[39m api/brain/tests/conversationGuards.test.js[2m > [22m­čŤí´ŞĆ ConversationGuards[2m > [22mcontainsDishLikePhrase[2m > [22mdetects pierogi
 [32mÔťô[39m api/brain/tests/conversationGuards.test.js[2m > [22m­čŤí´ŞĆ ConversationGuards[2m > [22mcontainsDishLikePhrase[2m > [22mreturns false for location query
 [32mÔťô[39m api/brain/tests/conversationGuards.test.js[2m > [22m­čŤí´ŞĆ ConversationGuards[2m > [22mcontainsDishLikePhrase[2m > [22mreturns false for generic question
 [32mÔťô[39m api/brain/tests/conversationGuards.test.js[2m > [22m­čŤí´ŞĆ ConversationGuards[2m > [22mrecoverRestaurantFromFullText[2m > [22mreturns null for empty text
 [32mÔťô[39m api/brain/tests/conversationGuards.test.js[2m > [22m­čŤí´ŞĆ ConversationGuards[2m > [22mrecoverRestaurantFromFullText[2m > [22mreturns null for empty restaurants list
 [31m├Ś[39m api/brain/tests/conversationGuards.test.js[2m > [22m­čŤí´ŞĆ ConversationGuards[2m > [22mrecoverRestaurantFromFullText[2m > [22mrecovers restaurant from text (case insensitive)
[31m   Ôćĺ expected undefined to be 1 // Object.is equality[39m
 [32mÔťô[39m api/brain/tests/conversationGuards.test.js[2m > [22m­čŤí´ŞĆ ConversationGuards[2m > [22mrecoverRestaurantFromFullText[2m > [22mrecovers restaurant with diacritics
 [32mÔťô[39m api/brain/tests/conversationGuards.test.js[2m > [22m­čŤí´ŞĆ ConversationGuards[2m > [22mrecoverRestaurantFromFullText[2m > [22mreturns null when no match
 [32mÔťô[39m api/brain/tests/conversationGuards.test.js[2m > [22m­čŤí´ŞĆ ConversationGuards[2m > [22mcalculatePhase[2m > [22mreturns restaurant_selected for select_restaurant intent
 [32mÔťô[39m api/brain/tests/conversationGuards.test.js[2m > [22m­čŤí´ŞĆ ConversationGuards[2m > [22mcalculatePhase[2m > [22mreturns ordering for create_order intent
 [32mÔťô[39m api/brain/tests/conversationGuards.test.js[2m > [22m­čŤí´ŞĆ ConversationGuards[2m > [22mcalculatePhase[2m > [22mreturns discovery for find_nearby intent
 [32mÔťô[39m api/brain/tests/conversationGuards.test.js[2m > [22m­čŤí´ŞĆ ConversationGuards[2m > [22mcalculatePhase[2m > [22mpreserves phase for find_nearby from continuity_guard
 [32mÔťô[39m api/brain/tests/conversationGuards.test.js[2m > [22m­čŤí´ŞĆ ConversationGuards[2m > [22mcalculatePhase[2m > [22mreturns current phase for unknown intent
 [32mÔťô[39m api/brain/tests/conversationGuards.test.js[2m > [22m­čŤí´ŞĆ ConversationGuards[2m > [22mextractOrdinal[2m > [22mreturns null for empty text
 [32mÔťô[39m api/brain/tests/conversationGuards.test.js[2m > [22m­čŤí´ŞĆ ConversationGuards[2m > [22mextractOrdinal[2m > [22mreturns 1 for "pierwsza"
 [32mÔťô[39m api/brain/tests/conversationGuards.test.js[2m > [22m­čŤí´ŞĆ ConversationGuards[2m > [22mextractOrdinal[2m > [22mreturns 1 for "ta pierwsza"
 [32mÔťô[39m api/brain/tests/conversationGuards.test.js[2m > [22m­čŤí´ŞĆ ConversationGuards[2m > [22mextractOrdinal[2m > [22mreturns 1 for "┼éowicka t─ů pierwsz─ů"
 [32mÔťô[39m api/brain/tests/conversationGuards.test.js[2m > [22m­čŤí´ŞĆ ConversationGuards[2m > [22mextractOrdinal[2m > [22mreturns 2 for "druga"
 [32mÔťô[39m api/brain/tests/conversationGuards.test.js[2m > [22m­čŤí´ŞĆ ConversationGuards[2m > [22mextractOrdinal[2m > [22mreturns 2 for "dw├│jka"
 [32mÔťô[39m api/brain/tests/conversationGuards.test.js[2m > [22m­čŤí´ŞĆ ConversationGuards[2m > [22mextractOrdinal[2m > [22mreturns 1 for single digit "1"
 [32mÔťô[39m api/brain/tests/conversationGuards.test.js[2m > [22m­čŤí´ŞĆ ConversationGuards[2m > [22mextractOrdinal[2m > [22mreturns 3 for single digit "3"
 [32mÔťô[39m api/brain/tests/conversationGuards.test.js[2m > [22m­čŤí´ŞĆ ConversationGuards[2m > [22mextractOrdinal[2m > [22mreturns null for unrelated text
 [32mÔťô[39m api/brain/tests/conversationGuards.test.js[2m > [22m­čŤí´ŞĆ ConversationGuards[2m > [22msanitizeLocation[2m > [22mpasses clean short location unchanged
 [32mÔťô[39m api/brain/tests/conversationGuards.test.js[2m > [22m­čŤí´ŞĆ ConversationGuards[2m > [22msanitizeLocation[2m > [22mpasses single-word location unchanged
 [32mÔťô[39m api/brain/tests/conversationGuards.test.js[2m > [22m­čŤí´ŞĆ ConversationGuards[2m > [22msanitizeLocation[2m > [22mrejects long location containing pizza
 [32mÔťô[39m api/brain/tests/conversationGuards.test.js[2m > [22m­čŤí´ŞĆ ConversationGuards[2m > [22msanitizeLocation[2m > [22mfalls back to session.last_location when location is bad
 [32mÔťô[39m api/brain/tests/conversationGuards.test.js[2m > [22m­čŤí´ŞĆ ConversationGuards[2m > [22msanitizeLocation[2m > [22mfalls back to session.default_city when last_location absent
 [32mÔťô[39m api/brain/tests/conversationGuards.test.js[2m > [22m­čŤí´ŞĆ ConversationGuards[2m > [22msanitizeLocation[2m > [22mreturns null if no fallback available
 [32mÔťô[39m api/brain/tests/conversationGuards.test.js[2m > [22m­čŤí´ŞĆ ConversationGuards[2m > [22mscoreRestaurantMatch[2m > [22mreturns 1 for exact substring match
 [31m├Ś[39m api/brain/tests/conversationGuards.test.js[2m > [22m­čŤí´ŞĆ ConversationGuards[2m > [22mscoreRestaurantMatch[2m > [22mreturns high score for partial inflected match (starej kamienicy)
[31m   Ôćĺ expected 0 to be greater than 0[39m
 [32mÔťô[39m api/brain/tests/conversationGuards.test.js[2m > [22m­čŤí´ŞĆ ConversationGuards[2m > [22mscoreRestaurantMatch[2m > [22mreturns 0 for completely unrelated input
 [32mÔťô[39m api/brain/tests/conversationGuards.test.js[2m > [22m­čŤí´ŞĆ ConversationGuards[2m > [22mscoreRestaurantMatch[2m > [22mreturns 0 for empty inputs
 [32mÔťô[39m api/brain/tests/conversationGuards.test.js[2m > [22m­čŤí´ŞĆ ConversationGuards[2m > [22mcontainsOrderingIntent[2m > [22mdetects "skusze sie na nalesniki"
 [32mÔťô[39m api/brain/tests/conversationGuards.test.js[2m > [22m­čŤí´ŞĆ ConversationGuards[2m > [22mcontainsOrderingIntent[2m > [22mdetects "poprose burgera"
 [32mÔťô[39m api/brain/tests/conversationGuards.test.js[2m > [22m­čŤí´ŞĆ ConversationGuards[2m > [22mcontainsOrderingIntent[2m > [22mdetects "wezm─Ö" ordering verb
 [32mÔťô[39m api/brain/tests/conversationGuards.test.js[2m > [22m­čŤí´ŞĆ ConversationGuards[2m > [22mcontainsOrderingIntent[2m > [22mdetects dish keyword (nalesniki) via containsDishLikePhrase
 [32mÔťô[39m api/brain/tests/conversationGuards.test.js[2m > [22m­čŤí´ŞĆ ConversationGuards[2m > [22mcontainsOrderingIntent[2m > [22mreturns false for neutral discovery text

node.exe : [31mÔÄ»ÔÄ»ÔÄ»ÔÄ»ÔÄ
»ÔÄ»ÔÄ»[1m[7m Failed Tests 2
 [27m[22mÔÄ»ÔÄ»ÔÄ»ÔÄ»ÔÄ»ÔÄ»Ô
Ä»[39m
At C:\Users\frees\AppData\Roam
ing\npm\npx.ps1:24 char:5
+     & "node$exe"  "$basedir/
node_modules/npm/bin/npx-cli.j
s" $args
+     ~~~~~~~~~~~~~~~~~~~~~~~~
~~~~~~~~~~~~~~~~~~~~~~~~~~~~~~
~~~~~~~~
    + CategoryInfo          : 
    NotSpecified: ([31mÔÄ»Ô  
  Ä»ÔÄ»Ô...»ÔÄ»ÔÄ»ÔÄ»[39m:   
 String) [], RemoteExcepti    
on
    + FullyQualifiedErrorId : 
    NativeCommandError
 

[31m[1m[7m FAIL [27m[22m
[39m api/brain/tests/conversat
ionGuards.test.js[2m > [22m­
čŤí´ŞĆ ConversationGuards[2m 
> [22mrecoverRestaurantFromFu
llText[2m > [22mrecovers res
taurant from text (case insens
itive)
[31m[1mAssertionError[22m: 
expected undefined to be 1 // 
Object.is equality[39m

[32m- Expected:[39m 
1

[31m+ Received:[39m 
undefined

[36m [2mÔŁ»[22m api/brain/t
ests/conversationGuards.test.j
s:[2m147:32[22m[39m
    [90m145| [39m           
     restaurants
    [90m146| [39m           
 )[33m;[39m
    [90m147| [39m           
 [34mexpect[39m(result[33m?
.[39mid)[33m.[39m[34mtoBe
[39m([34m1[39m)[33m;[39m
    [90m   | [39m           
                    [31m^[39
m
    [90m148| [39m           
 [34mexpect[39m(result[33m?
.[39mname)[33m.[39m[34mtoB
e[39m([32m'Stara Kamienica'
[39m)[33m;[39m
    [90m149| [39m        })
[33m;[39m

[31m[2mÔÄ»ÔÄ»ÔÄ»ÔÄ»ÔÄ»ÔÄ»ÔÄ»
ÔÄ»ÔÄ»ÔÄ»ÔÄ»ÔÄ»ÔÄ»ÔÄ»ÔÄ»ÔÄ»ÔÄ»
ÔÄ»ÔÄ»ÔÄ»ÔÄ»ÔÄ»ÔÄ»ÔÄ»[1/2]ÔÄ»
[22m[39m

[31m[1m[7m FAIL [27m[22m
[39m api/brain/tests/conversat
ionGuards.test.js[2m > [22m­
čŤí´ŞĆ ConversationGuards[2m 
> [22mscoreRestaurantMatch[2
m > [22mreturns high score fo
r partial inflected match (sta
rej kamienicy)
[31m[1mAssertionError[22m: 
expected 0 to be greater than 
0[39m
[36m [2mÔŁ»[22m api/brain/t
ests/conversationGuards.test.j
s:[2m283:27[22m[39m
    [90m281| [39m           
 [90m// "kamienica" is NOT in
 "kamienicy", but "stara" toke
n NO[39mÔÇŽ
    [90m282| [39m           
 [90m// but we expect score >
 0 since at least 1 token over
laps[39m
    [90m283| [39m           
 [34mexpect[39m(score)[33m.
[39m[34mtoBeGreaterThan[39m
([34m0[39m)[33m;[39m
    [90m   | [39m           
               [31m^[39m
    [90m284| [39m        })
[33m;[39m
    [90m285| [39m

[31m[2mÔÄ»ÔÄ»ÔÄ»ÔÄ»ÔÄ»ÔÄ»ÔÄ»
ÔÄ»ÔÄ»ÔÄ»ÔÄ»ÔÄ»ÔÄ»ÔÄ»ÔÄ»ÔÄ»ÔÄ»
ÔÄ»ÔÄ»ÔÄ»ÔÄ»ÔÄ»ÔÄ»ÔÄ»[2/2]ÔÄ»
[22m[39m

[2m Test Files [22m [1m[31m1 failed[39m[22m[90m (1)[39m
[2m      Tests [22m [1m[31m2 failed[39m[22m[2m | [22m[1m[32m51 passed[39m[22m[90m (53)[39m
[2m   Start at [22m 04:28:43
[2m   Duration [22m 604ms[2m (transform 58ms, setup 0ms, collect 59ms, tests 21ms, environment 0ms, prepare 213ms)[22m

